Mono path[0] = 'C:/Users/alpac/Desktop/BP0108/BP0108_nonteam/BP0108_Data/Managed'
Mono config path = 'C:/Users/alpac/Desktop/BP0108/BP0108_nonteam/MonoBleedingEdge/etc'
[PhysX] Initialized MultithreadedTaskDispatcher with 16 workers.
Initialize engine version: 2022.3.51f1c1 (e9648b0586b8)
[Subsystems] Discovering subsystems at path C:/Users/alpac/Desktop/BP0108/BP0108_nonteam/BP0108_Data/UnitySubsystems
GfxDevice: creating device client; threaded=1; jobified=1
Direct3D:
    Version:  Direct3D 11.0 [level 11.1]
    Renderer: Intel(R) Graphics (ID=0xa7aa)
    Vendor:   Intel
    VRAM:     7963 MB
    Driver:   32.0.101.7076
Begin MonoManager ReloadAssembly
- Loaded All Assemblies, in  0.751 seconds
- Finished resetting the current domain, in  0.009 seconds
<RI> Initializing input.
XInput1_3.dll not found. Trying XInput9_1_0.dll instead...
<RI> Input initialized.
<RI> Initialized touch support.
[PhysX] Initialized MultithreadedTaskDispatcher with 16 workers.
UnloadTime: 3.959600 ms
[CodexPatch] Question fit audit written to C:\Users\alpac\Desktop\BP0108\tmp\question_fit_audit.json
[CodexPatch] Runtime patch bootstrap complete.
[CodexPatch][Audio] Speech cache: C:\Windows\TEMP\BP0108SpeechCache\solo_25880_1dc355779f4146c0949e21dc47eab5dd
[CodexPatch][Audio] Original background loop started: 16.0s stereo at 44100 Hz.
[CodexPatch][Audio] Livestream audio ready. music=0.220 duck=0.055 tts=Unity WAV playback
[CodexPatch][Audio] Speech preparing: category=introduction sequence=1.
[CodexPatch] Prepared 10 round questions from a pool of 300.
[CodexPatch] Danmaku top layer active: sortingOrder=32767
[CodexPatch] Personal livestream backend ready (isolated round state; shared Twitch chat retained).
[CodexPatch] Stream lobby ready.
[CodexPatch] UX enhancement layer ready.
[CodexPatch] Rank empty-state target: live=False root=Ranklist children=1 graphics=0 childNames=
[CodexPatch][Audio] Windows TTS host ready with voice Microsoft Zira Desktop.
[CodexPatch][Audio] Speech host started synthesis for sequence 1.
[CodexPatch][Audio] TTS playing in Unity: category=introduction duration=6.09s.
[CodexPatch][Audio] Speech completed: category=introduction sequence=1.
[Flow] 游戏开始，共 10 题
[CodexPatch] Prepared 10 round questions from a pool of 300.
[CodexPatch] Stream lobby closed after 9.6s; round is live.
[Questions RAW] {
  "questions": [
    {
      "index": 1,
      "id": "nonteam_more_014",
      "question": "It defeated a British force at Isandlwana before losing later in 1879.\nFor the point, name this southern African kingdom.",
      "meta": {
        "category": "Africa",
        "era": "05",
        "source": "original"
      }
    },
    {
      "index": 2,
      "id": "6877513133648110954_77768",
      "question": "That motif in this opera accompanies a character who marries Kate, prompting the protagonist to give her son an American flag and kill herself.\nFor the point, name this Giacomo Puccini opera about a woman who marries American Lieutenant B.F. Pinkerton, Cio-Cio San.",
      "meta": {
        "category": "East Asia",
        "era": "05",
        "source": "original"
      }
    },
    {
      "index": 3,
      "id": "2163076841335582114_77766",
      "question": "Many depictions of this place were made during the Golden Age of Flemish cartography, including the Mercator Projection.\nFor the point, name this planet depicted on atlases and globes.",
      "meta": {
        "category": "World",
        "era": "04",
        "source": "original"
      }
    },
    {
      "index": 4,
      "id": "nonteam_more_013",
      "question": "Its emperor Wudi expanded into Central Asia, helping open trade routes later called the Silk Road.\nFor the point, name this dynasty that shares its name with China's majority ethnic group.",
      "meta": {
        "category": "East Asia",
        "era": "02",
        "source": "original"
      }
    },
    {
      "index": 5,
      "id": "6155768544638269546_77765",
      "question": "Court historian Procopius claimed that this pandemic killed over 10,000 people daily in Constantinople.\nFor the point, name this \"Plague\" caused by yersinia pestis, often named for an ambitious 6th century Byzantine Emperor.",
      "meta": {
        "category": "Europe",
        "era": "02",
        "source": "original"
      }
    },
    {
      "index": 6,
      "id": "nonteam_more_015",
      "question": "It helped explain why Brazil became Portuguese-speaking while most nearby colonies became Spanish-speaking.\nFor the point, name this 1494 agreement.",
      "meta": {
        "category": "World",
        "era": "04",
        "source": "original"
      }
    },
    {
      "index": 7,
      "id": "1867896268788622165_77766",
      "question": "This Southeast Asian city-state separated from Malaysia in 1965 and was led for decades by Lee Kuan Yew.\nIts name is often translated as Lion City, and it sits at the southern tip of the Malay Peninsula-name this country.",
      "meta": {
        "category": "Europe",
        "era": "07",
        "source": "original"
      }
    },
    {
      "index": 8,
      "id": "7222610961971019892_77767",
      "question": "This ruler had Raynald of Chatillon executed after winning the Battle of Hattin.\nFor the point, name this founder of the Ayyubid dynasty and opponent of Richard the Lionheart in the Third Crusade.",
      "meta": {
        "category": "Middle East",
        "era": "03",
        "source": "original"
      }
    },
    {
      "index": 9,
      "id": "team_more_088",
      "question": "A later capital was established at Bangkok by the Chakri dynasty.\nFor the point, name this Southeast Asian country formerly known as Siam.",
      "meta": {
        "category": "Southeast Asia",
        "era": "04",
        "source": "original"
      }
    },
    {
      "index": 10,
      "id": "1572945154254623216_77767",
      "question": "The only time this woman appeared in official press photographs was during the 1936 Berlin Olympics.\nFor the point, name this mistress-turned-wife of Adolf Hitler, whose life ended alongside him in the Fuhrerbunker.",
      "meta": {
        "category": "Europe",
        "era": "06",
        "source": "original"
      }
    }
  ]
}
[Flow] 第 1 题超时，无人答对
[Flow] 进入第 2 题
关闭WebSocket时出错：The WebSocket is in an invalid state ('Aborted') for this operation. Valid states are: 'Open, CloseReceived, CloseSent'
Memory Statistics:
[ALLOC_TEMP_TLS] TLS Allocator
  StackAllocators : 
    [ALLOC_TEMP_MAIN]
      Peak usage frame count: [0-1.0 KB]: 15536 frames, [1.0 KB-2.0 KB]: 1241 frames, [2.0 KB-4.0 KB]: 754 frames, [8.0 KB-16.0 KB]: 7 frames, [16.0 KB-32.0 KB]: 827 frames, [32.0 KB-64.0 KB]: 552 frames, [128.0 KB-256.0 KB]: 2 frames, [256.0 KB-0.5 MB]: 2 frames, [0.5 MB-1.0 MB]: 5 frames, [1.0 MB-2.0 MB]: 2 frames, [2.0 MB-4.0 MB]: 1 frames
      Initial Block Size 4.0 MB
      Current Block Size 4.0 MB
      Peak Allocated Bytes 2.0 MB
      Overflow Count 6
    [ALLOC_TEMP_Loading.AsyncRead]
      Initial Block Size 64.0 KB
      Current Block Size 64.0 KB
      Peak Allocated Bytes 264 B
      Overflow Count 0
    [ALLOC_TEMP_Loading.PreloadManager]
      Initial Block Size 256.0 KB
      Current Block Size 256.0 KB
      Peak Allocated Bytes 41.1 KB
      Overflow Count 4
    [ALLOC_TEMP_Background Job.Worker 8]
      Initial Block Size 32.0 KB
      Current Block Size 32.0 KB
      Peak Allocated Bytes 54 B
      Overflow Count 0
    [ALLOC_TEMP_Job.Worker 6]
      Initial Block Size 256.0 KB
      Current Block Size 256.0 KB
      Peak Allocated Bytes 30.2 KB
      Overflow Count 0
    [ALLOC_TEMP_Job.Worker 0]
      Initial Block Size 256.0 KB
      Current Block Size 256.0 KB
      Peak Allocated Bytes 9.5 KB
      Overflow Count 0
    [ALLOC_TEMP_Background Job.Worker 10]
      Initial Block Size 32.0 KB
      Current Block Size 32.0 KB
      Peak Allocated Bytes 54 B
      Overflow Count 0
    [ALLOC_TEMP_Background Job.Worker 9]
      Initial Block Size 32.0 KB
      Current Block Size 32.0 KB
      Peak Allocated Bytes 54 B
      Overflow Count 0
    [ALLOC_TEMP_Job.Worker 5]
      Initial Block Size 256.0 KB
      Current Block Size 256.0 KB
      Peak Allocated Bytes 14.4 KB
      Overflow Count 0
    [ALLOC_TEMP_Background Job.Worker 14]
      Initial Block Size 32.0 KB
      Current Block Size 32.0 KB
      Peak Allocated Bytes 54 B
      Overflow Count 0
    [ALLOC_TEMP_Background Job.Worker 6]
      Initial Block Size 32.0 KB
      Current Block Size 32.0 KB
      Peak Allocated Bytes 54 B
      Overflow Count 0
    [ALLOC_TEMP_Job.Worker 4]
      Initial Block Size 256.0 KB
      Current Block Size 256.0 KB
      Peak Allocated Bytes 30.2 KB
      Overflow Count 0
    [ALLOC_TEMP_Job.Worker 14]
      Initial Block Size 256.0 KB
      Current Block Size 256.0 KB
      Peak Allocated Bytes 54 B
      Overflow Count 0
    [ALLOC_TEMP_Job.Worker 3]
      Initial Block Size 256.0 KB
      Current Block Size 256.0 KB
      Peak Allocated Bytes 30.2 KB
      Overflow Count 0
    [ALLOC_TEMP_Job.Worker 13]
      Initial Block Size 256.0 KB
      Current Block Size 256.0 KB
      Peak Allocated Bytes 54 B
      Overflow Count 0
    [ALLOC_TEMP_Background Job.Worker 12]
      Initial Block Size 32.0 KB
      Current Block Size 32.0 KB
      Peak Allocated Bytes 54 B
      Overflow Count 0
    [ALLOC_TEMP_EnlightenWorker] x 8
      Initial Block Size 64.0 KB
      Current Block Size 64.0 KB
      Peak Allocated Bytes 54 B
      Overflow Count 0
    [ALLOC_TEMP_Background Job.Worker 15]
      Initial Block Size 32.0 KB
      Current Block Size 32.0 KB
      Peak Allocated Bytes 54 B
      Overflow Count 0
    [ALLOC_TEMP_Background Job.Worker 1]
      Initial Block Size 32.0 KB
      Current Block Size 32.0 KB
      Peak Allocated Bytes 54 B
      Overflow Count 0
    [ALLOC_TEMP_Background Job.Worker 2]
      Initial Block Size 32.0 KB
      Current Block Size 32.0 KB
      Peak Allocated Bytes 1.5 KB
      Overflow Count 0
    [ALLOC_TEMP_Background Job.Worker 7]
      Initial Block Size 32.0 KB
      Current Block Size 32.0 KB
      Peak Allocated Bytes 54 B
      Overflow Count 0
    [ALLOC_TEMP_UnityGfxDeviceWorker]
      Initial Block Size 256.0 KB
      Current Block Size 256.0 KB
      Peak Allocated Bytes 11.0 KB
      Overflow Count 0
    [ALLOC_TEMP_AssetGarbageCollectorHelper] x 15
      Initial Block Size 64.0 KB
      Current Block Size 64.0 KB
      Peak Allocated Bytes 138 B
      Overflow Count 0
    [ALLOC_TEMP_Background Job.Worker 5]
      Initial Block Size 32.0 KB
      Current Block Size 32.0 KB
      Peak Allocated Bytes 54 B
      Overflow Count 0
    [ALLOC_TEMP_Job.Worker 9]
      Initial Block Size 256.0 KB
      Current Block Size 256.0 KB
      Peak Allocated Bytes 30.2 KB
      Overflow Count 0
    [ALLOC_TEMP_Background Job.Worker 13]
      Initial Block Size 32.0 KB
      Current Block Size 32.0 KB
      Peak Allocated Bytes 54 B
      Overflow Count 0
    [ALLOC_TEMP_Job.Worker 8]
      Initial Block Size 256.0 KB
      Current Block Size 256.0 KB
      Peak Allocated Bytes 29.7 KB
      Overflow Count 0
    [ALLOC_TEMP_Job.Worker 7]
      Initial Block Size 256.0 KB
      Current Block Size 256.0 KB
      Peak Allocated Bytes 29.7 KB
      Overflow Count 0
    [ALLOC_TEMP_Job.Worker 1]
      Initial Block Size 256.0 KB
      Current Block Size 256.0 KB
      Peak Allocated Bytes 30.2 KB
      Overflow Count 0
    [ALLOC_TEMP_Job.Worker 2]
      Initial Block Size 256.0 KB
      Current Block Size 256.0 KB
      Peak Allocated Bytes 30.2 KB
      Overflow Count 0
    [ALLOC_TEMP_Background Job.Worker 3]
      Initial Block Size 32.0 KB
      Current Block Size 32.0 KB
      Peak Allocated Bytes 1.9 KB
      Overflow Count 0
    [ALLOC_TEMP_Background Job.Worker 11]
      Initial Block Size 32.0 KB
      Current Block Size 32.0 KB
      Peak Allocated Bytes 54 B
      Overflow Count 0
    [ALLOC_TEMP_Job.Worker 10]
      Initial Block Size 256.0 KB
      Current Block Size 256.0 KB
      Peak Allocated Bytes 29.7 KB
      Overflow Count 0
    [ALLOC_TEMP_Background Job.Worker 0]
      Initial Block Size 32.0 KB
      Current Block Size 32.0 KB
      Peak Allocated Bytes 54 B
      Overflow Count 0
    [ALLOC_TEMP_CloudJob.Worker 0] x 2
      Initial Block Size 32.0 KB
      Current Block Size 32.0 KB
      Peak Allocated Bytes 2.2 KB
      Overflow Count 0
    [ALLOC_TEMP_Job.Worker 11]
      Initial Block Size 256.0 KB
      Current Block Size 256.0 KB
      Peak Allocated Bytes 30.2 KB
      Overflow Count 0
    [ALLOC_TEMP_Job.Worker 12]
      Initial Block Size 256.0 KB
      Current Block Size 256.0 KB
      Peak Allocated Bytes 8.9 KB
      Overflow Count 0
    [ALLOC_TEMP_Background Job.Worker 4]
      Initial Block Size 32.0 KB
      Current Block Size 32.0 KB
      Peak Allocated Bytes 54 B
      Overflow Count 0
    [ALLOC_TEMP_BatchDeleteObjects]
      Initial Block Size 64.0 KB
      Current Block Size 64.0 KB
      Peak Allocated Bytes 54 B
      Overflow Count 0
[ALLOC_DEFAULT] Dual Thread Allocator
  Peak main deferred allocation count 114
    [ALLOC_BUCKET]
      Large Block size 4.0 MB
      Used Block count 1
      Peak Allocated bytes 1.0 MB
    [ALLOC_DEFAULT_MAIN]
      Peak usage frame count: [32.0 MB-64.0 MB]: 18929 frames
      Requested Block Size 16.0 MB
      Peak Block count 2
      Peak Allocated memory 35.3 MB
      Peak Large allocation bytes 8.0 MB
    [ALLOC_DEFAULT_THREAD]
      Peak usage frame count: [16.0 MB-32.0 MB]: 18929 frames
      Requested Block Size 16.0 MB
      Peak Block count 1
      Peak Allocated memory 21.2 MB
      Peak Large allocation bytes 16.0 MB
[ALLOC_TEMP_JOB_1_FRAME]
  Initial Block Size 2.0 MB
  Used Block Count 0
  Overflow Count (too large) 0
  Overflow Count (full) 0
[ALLOC_TEMP_JOB_2_FRAMES]
  Initial Block Size 2.0 MB
  Used Block Count 0
  Overflow Count (too large) 0
  Overflow Count (full) 0
[ALLOC_TEMP_JOB_4_FRAMES (JobTemp)]
  Initial Block Size 2.0 MB
  Used Block Count 1
  Overflow Count (too large) 0
  Overflow Count (full) 0
[ALLOC_TEMP_JOB_ASYNC (Background)]
  Initial Block Size 1.0 MB
  Used Block Count 1
  Overflow Count (too large) 0
  Overflow Count (full) 0
[ALLOC_GFX] Dual Thread Allocator
  Peak main deferred allocation count 1
    [ALLOC_BUCKET]
      Large Block size 4.0 MB
      Used Block count 1
      Peak Allocated bytes 1.0 MB
    [ALLOC_GFX_MAIN]
      Peak usage frame count: [8.0 MB-16.0 MB]: 376 frames, [16.0 MB-32.0 MB]: 18553 frames
      Requested Block Size 16.0 MB
      Peak Block count 1
      Peak Allocated memory 28.6 MB
      Peak Large allocation bytes 18.0 MB
    [ALLOC_GFX_THREAD]
      Peak usage frame count: [16.0 KB-32.0 KB]: 18929 frames
      Requested Block Size 16.0 MB
      Peak Block count 1
      Peak Allocated memory 20.8 KB
      Peak Large allocation bytes 0 B
[ALLOC_CACHEOBJECTS] Dual Thread Allocator
  Peak main deferred allocation count 0
    [ALLOC_BUCKET]
      Large Block size 4.0 MB
      Used Block count 1
      Peak Allocated bytes 1.0 MB
    [ALLOC_CACHEOBJECTS_MAIN]
      Peak usage frame count: [0.5 MB-1.0 MB]: 18929 frames
      Requested Block Size 4.0 MB
      Peak Block count 1
      Peak Allocated memory 0.9 MB
      Peak Large allocation bytes 0 B
    [ALLOC_CACHEOBJECTS_THREAD]
      Peak usage frame count: [128.0 KB-256.0 KB]: 18928 frames, [256.0 KB-0.5 MB]: 1 frames
      Requested Block Size 4.0 MB
      Peak Block count 1
      Peak Allocated memory 418.7 KB
      Peak Large allocation bytes 0 B
[ALLOC_TYPETREE] Dual Thread Allocator
  Peak main deferred allocation count 0
    [ALLOC_BUCKET]
      Large Block size 4.0 MB
      Used Block count 1
      Peak Allocated bytes 1.0 MB
    [ALLOC_TYPETREE_MAIN]
      Peak usage frame count: [8.0 KB-16.0 KB]: 18929 frames
      Requested Block Size 2.0 MB
      Peak Block count 1
      Peak Allocated memory 11.2 KB
      Peak Large allocation bytes 0 B
    [ALLOC_TYPETREE_THREAD]
      Peak usage frame count: [1.0 KB-2.0 KB]: 18929 frames
      Requested Block Size 2.0 MB
      Peak Block count 1
      Peak Allocated memory 1.9 KB
      Peak Large allocation bytes 0 B
