Mono path[0] = 'C:/Users/alpac/Desktop/BP0108/BP0108/BP0108_Data/Managed'
Mono config path = 'C:/Users/alpac/Desktop/BP0108/BP0108/MonoBleedingEdge/etc'
[PhysX] Initialized MultithreadedTaskDispatcher with 16 workers.
Initialize engine version: 2022.3.51f1c1 (e9648b0586b8)
[Subsystems] Discovering subsystems at path C:/Users/alpac/Desktop/BP0108/BP0108/BP0108_Data/UnitySubsystems
GfxDevice: creating device client; threaded=1; jobified=1
Direct3D:
    Version:  Direct3D 11.0 [level 11.1]
    Renderer: Intel(R) Graphics (ID=0xa7aa)
    Vendor:   Intel
    VRAM:     7963 MB
    Driver:   32.0.101.7076
Begin MonoManager ReloadAssembly
- Loaded All Assemblies, in  0.711 seconds
- Finished resetting the current domain, in  0.002 seconds
<RI> Initializing input.
XInput1_3.dll not found. Trying XInput9_1_0.dll instead...
<RI> Input initialized.
<RI> Initialized touch support.
[PhysX] Initialized MultithreadedTaskDispatcher with 16 workers.
UnloadTime: 11.226800 ms
[CodexPatch] Question fit audit written to C:\Users\alpac\Desktop\BP0108\tmp\question_fit_audit.json
[CodexPatch] Runtime patch bootstrap complete.
[CodexPatch] Prepared 10 round questions from a pool of 300.
[CodexPatch] Stream lobby ready.
[CodexPatch] UX enhancement layer ready.
http://43.112.125.110:3000/game/teams
[CodexPatch] Stream lobby QA frame requested at C:\Users\alpac\Desktop\BP0108\tmp\stream_lobby_team_qa.png
null
http://43.112.125.110:3000/game/start报错:{"error":"Game already active","code":"GAME_ACTIVE"}
null
[Flow] 游戏已结束
null
http://43.112.125.110:3000/game/teams
[CodexPatch] Prepared 10 round questions from a pool of 300.
[Flow] 游戏开始，共 10 题
[CodexPatch] Local continuity round started: inactive session recovery
[CodexPatch] Stream lobby closed after 9.3s; round is live.
http://43.112.125.110:3000/game/leaderboard
http://43.112.125.110:3000/game/leaderboard
[CodexPatch] Post-lobby QA frame requested at C:\Users\alpac\Desktop\BP0108\tmp\stream_lobby_team_started_qa.png
